******************************************************************************
                  TI ARM Linker PC v18.12.2                    
******************************************************************************
>> Linked Wed Dec  4 14:32:03 2019

OUTPUT FILE NAME:   <BL_MASTER.out>
ENTRY POINT SYMBOL: "_c_int00_noargs"  address: 00000719


MEMORY CONFIGURATION

         name            origin    length      used     unused   attr    fill
----------------------  --------  ---------  --------  --------  ----  --------
  MAIN                  00000000   00040000  0000086e  0003f792  R  X
  INFO                  00200000   00004000  00000000  00004000  R  X
  SRAM_CODE             01000000   00010000  00000a2c  0000f5d4  RW X
  SRAM_DATA             20000000   00010000  00000a2c  0000f5d4  RW  


SEGMENT ALLOCATION MAP

run origin  load origin   length   init length attrs members
----------  ----------- ---------- ----------- ----- -------
00000000    00000000    00000874   00000874    r-x
  00000000    00000000    000000e4   000000e4    r-- .intvecs
  000000e4    000000e4    00000756   00000756    r-x .text
  00000840    00000840    00000034   00000034    r-- .cinit
20000000    20000000    0000082c   00000000    rw-
  20000000    20000000    00000800   00000000    rw- .sysmem
  20000800    20000800    0000002c   00000000    rw- .data
2000fe00    2000fe00    00000200   00000000    rw-
  2000fe00    2000fe00    00000200   00000000    rw- .stack


SECTION ALLOCATION MAP

 output                                  attributes/
section   page    origin      length       input sections
--------  ----  ----------  ----------   ----------------
.intvecs   0    00000000    000000e4     
                  00000000    000000e4     startup_msp432p401r_ccs.obj (.intvecs:retain)

.text      0    000000e4    00000756     
                  000000e4    00000264     BL_Master.obj (.text:main)
                  00000348    000000f4     rtsv7M4_T_le_v4SPD16_eabi.lib : memory.c.obj (.text:aligned_alloc)
                  0000043c    0000009c                                   : memcpy_t2.asm.obj (.text)
                  000004d8    0000007c                                   : memory.c.obj (.text:split)
                  00000554    00000078     system_msp432p401r.obj (.text:SystemInit)
                  000005cc    00000068     rtsv7M4_T_le_v4SPD16_eabi.lib : copy_decompress_lzss.c.obj (.text:decompress:lzss:__TI_decompress_lzss)
                  00000634    00000054     BL_Master.obj (.text:EUSCIA0_IRQHandler)
                  00000688    0000004c     BL_Master.obj (.text:EUSCIA2_IRQHandler)
                  000006d4    00000044     rtsv7M4_T_le_v4SPD16_eabi.lib : autoinit.c.obj (.text:__TI_auto_init_nobinit_nopinit:__TI_auto_init_nobinit_nopinit)
                  00000718    00000034                                   : boot_cortex_m.c.obj (.text:_c_int00_noargs:_c_int00_noargs)
                  0000074c    00000030     UART.obj (.text:UART2_stringTx)
                  0000077c    00000028     rtsv7M4_T_le_v4SPD16_eabi.lib : memory.c.obj (.text:free_list_insert)
                  000007a4    0000001c     CRC.obj (.text:CRC_Init)
                  000007c0    0000001c     rtsv7M4_T_le_v4SPD16_eabi.lib : memory.c.obj (.text:free_list_remove)
                  000007dc    00000018     CRC.obj (.text:CRC_Result_master)
                  000007f4    00000018     CRC.obj (.text:CRC_calculation)
                  0000080c    0000000e     rtsv7M4_T_le_v4SPD16_eabi.lib : copy_decompress_none.c.obj (.text:decompress:none:__TI_decompress_none)
                  0000081a    0000000c     startup_msp432p401r_ccs.obj (.text:Reset_Handler)
                  00000826    00000008     rtsv7M4_T_le_v4SPD16_eabi.lib : memory.c.obj (.text:malloc)
                  0000082e    00000004                                   : pre_init.c.obj (.text:_system_pre_init)
                  00000832    00000004                                   : exit.c.obj (.text:abort:abort)
                  00000836    00000002     startup_msp432p401r_ccs.obj (.text:Default_Handler)
                  00000838    00000002     rtsv7M4_T_le_v4SPD16_eabi.lib : _lock.c.obj (.text:_nop)

.cinit     0    00000840    00000034     
                  00000840    00000021     (.cinit..data.load) [load image, compression = lzss]
                  00000861    00000003     --HOLE-- [fill = 0]
                  00000864    00000008     (__TI_handler_table)
                  0000086c    00000008     (__TI_cinit_table)

.init_array 
*          0    00000000    00000000     UNINITIALIZED

.binit     0    00000000    00000000     

.data      0    20000800    0000002c     UNINITIALIZED
                  20000800    0000000e     BL_Master.obj (.data)
                  2000080e    0000000c     BL_Master.obj (.data:set_master)
                  2000081a    00000002     --HOLE--
                  2000081c    00000008     rtsv7M4_T_le_v4SPD16_eabi.lib : _lock.c.obj (.data:$O1$$)
                  20000824    00000008                                   : memory.c.obj (.data:$O1$$)

.sysmem    0    20000000    00000800     UNINITIALIZED
                  20000000    00000010     rtsv7M4_T_le_v4SPD16_eabi.lib : memory.c.obj (.sysmem)
                  20000010    000007f0     --HOLE--

.stack     0    2000fe00    00000200     UNINITIALIZED
                  2000fe00    00000004     rtsv7M4_T_le_v4SPD16_eabi.lib : boot_cortex_m.c.obj (.stack)
                  2000fe04    000001fc     --HOLE--

MODULE SUMMARY

       Module                        code   ro data   rw data
       ------                        ----   -------   -------
    .\
       BL_Master.obj                 772    0         52     
       system_msp432p401r.obj        120    0         0      
       CRC.obj                       76     0         0      
       UART.obj                      48     0         0      
    +--+-----------------------------+------+---------+---------+
       Total:                        1016   0         52     
                                                             
    .\ccs\
       startup_msp432p401r_ccs.obj   14     228       0      
    +--+-----------------------------+------+---------+---------+
       Total:                        14     228       0      
                                                             
    C:\ti\ccs910\ccs\tools\compiler\ti-cgt-arm_18.12.2.LTS\lib\rtsv7M4_T_le_v4SPD16_eabi.lib
       memory.c.obj                  444    0         16     
       memcpy_t2.asm.obj             156    0         0      
       copy_decompress_lzss.c.obj    104    0         0      
       autoinit.c.obj                68     0         0      
       boot_cortex_m.c.obj           52     0         0      
       _lock.c.obj                   2      0         16     
       copy_decompress_none.c.obj    14     0         0      
       exit.c.obj                    4      0         0      
       pre_init.c.obj                4      0         0      
    +--+-----------------------------+------+---------+---------+
       Total:                        848    0         32     
                                                             
       Heap:                         0      0         4096   
       Stack:                        0      0         1024   
       Linker Generated:             0      49        0      
    +--+-----------------------------+------+---------+---------+
       Grand Total:                  1878   277       5204   


LINKER GENERATED COPY TABLES

__TI_cinit_table @ 0000086c records: 1, size/record: 8, table size: 8
	.data: load addr=00000840, load size=00000021 bytes, run addr=20000800, run size=0000002c bytes, compression=lzss


LINKER GENERATED HANDLER TABLE

__TI_handler_table @ 00000864 records: 2, size/record: 4, table size: 8
	index: 0, handler: __TI_decompress_lzss
	index: 1, handler: __TI_decompress_none


GLOBAL SYMBOLS: SORTED ALPHABETICALLY BY Name 

address   name                          
-------   ----                          
00000837  ADC14_IRQHandler              
00000837  AES256_IRQHandler             
00000837  BusFault_Handler              
00000833  C$$EXIT                       
00000837  COMP_E0_IRQHandler            
00000837  COMP_E1_IRQHandler            
20000800  CRC_Flag                      
000007a5  CRC_Init                      
000007dd  CRC_Result_master             
000007f5  CRC_calculation               
2000080a  CRC_index                     
2000080c  CRC_result                    
00000837  CS_IRQHandler                 
00000837  DMA_ERR_IRQHandler            
00000837  DMA_INT0_IRQHandler           
00000837  DMA_INT1_IRQHandler           
00000837  DMA_INT2_IRQHandler           
00000837  DMA_INT3_IRQHandler           
00000837  DebugMon_Handler              
00000837  Default_Handler               
00000635  EUSCIA0_IRQHandler            
00000635  EUSCIA0_IRQHandler            
00000837  EUSCIA1_IRQHandler            
00000689  EUSCIA2_IRQHandler            
00000689  EUSCIA2_IRQHandler            
00000837  EUSCIA3_IRQHandler            
00000837  EUSCIB0_IRQHandler            
00000837  EUSCIB1_IRQHandler            
00000837  EUSCIB2_IRQHandler            
00000837  EUSCIB3_IRQHandler            
20000801  FLAG                          
00000837  FLCTL_IRQHandler              
00000837  FPU_IRQHandler                
00000837  HardFault_Handler             
20000808  ISR_index                     
00000837  MemManage_Handler             
00000837  NMI_Handler                   
00000837  PCM_IRQHandler                
00000837  PORT1_IRQHandler              
00000837  PORT2_IRQHandler              
00000837  PORT3_IRQHandler              
00000837  PORT4_IRQHandler              
00000837  PORT5_IRQHandler              
00000837  PORT6_IRQHandler              
00000837  PSS_IRQHandler                
00000837  PendSV_Handler                
00000837  RTC_C_IRQHandler              
0000081b  Reset_Handler                 
00000837  SVC_Handler                   
20000802  Start_Flag                    
00000837  SysTick_Handler               
00000555  SystemInit                    
00000837  T32_INT1_IRQHandler           
00000837  T32_INT2_IRQHandler           
00000837  T32_INTC_IRQHandler           
00000837  TA0_0_IRQHandler              
00000837  TA0_N_IRQHandler              
00000837  TA1_0_IRQHandler              
00000837  TA1_N_IRQHandler              
00000837  TA2_0_IRQHandler              
00000837  TA2_N_IRQHandler              
00000837  TA3_0_IRQHandler              
00000837  TA3_N_IRQHandler              
0000074d  UART2_stringTx                
00000837  UsageFault_Handler            
4000480c  WDTCTL_SYM                    
00000837  WDT_A_IRQHandler              
20010000  __STACK_END                   
00000200  __STACK_SIZE                  
00000800  __SYSMEM_SIZE                 
0000086c  __TI_CINIT_Base               
00000874  __TI_CINIT_Limit              
00000864  __TI_Handler_Table_Base       
0000086c  __TI_Handler_Table_Limit      
000006d5  __TI_auto_init_nobinit_nopinit
000005cd  __TI_decompress_lzss          
0000080d  __TI_decompress_none          
ffffffff  __TI_pprof_out_hndl           
ffffffff  __TI_prof_data_size           
ffffffff  __TI_prof_data_start          
00000000  __TI_static_base__            
0000043d  __aeabi_memcpy                
0000043d  __aeabi_memcpy4               
0000043d  __aeabi_memcpy8               
ffffffff  __binit__                     
ffffffff  __c_args__                    
UNDEFED   __mpu_init                    
2000fe00  __stack                       
00000719  _c_int00_noargs               
2000081c  _lock                         
00000839  _nop                          
20000000  _sys_memory                   
UNDEFED   _system_post_cinit            
0000082f  _system_pre_init              
20000820  _unlock                       
00000833  abort                         
00000349  aligned_alloc                 
ffffffff  binit                         
20000804  buffer                        
00000000  interruptVectors              
000000e5  main                          
00000827  malloc                        
00000349  memalign                      
0000043d  memcpy                        
2000080e  set_master                    


GLOBAL SYMBOLS: SORTED BY Symbol Address 

address   name                          
-------   ----                          
00000000  __TI_static_base__            
00000000  interruptVectors              
000000e5  main                          
00000200  __STACK_SIZE                  
00000349  aligned_alloc                 
00000349  memalign                      
0000043d  __aeabi_memcpy                
0000043d  __aeabi_memcpy4               
0000043d  __aeabi_memcpy8               
0000043d  memcpy                        
00000555  SystemInit                    
000005cd  __TI_decompress_lzss          
00000635  EUSCIA0_IRQHandler            
00000635  EUSCIA0_IRQHandler            
00000689  EUSCIA2_IRQHandler            
00000689  EUSCIA2_IRQHandler            
000006d5  __TI_auto_init_nobinit_nopinit
00000719  _c_int00_noargs               
0000074d  UART2_stringTx                
000007a5  CRC_Init                      
000007dd  CRC_Result_master             
000007f5  CRC_calculation               
00000800  __SYSMEM_SIZE                 
0000080d  __TI_decompress_none          
0000081b  Reset_Handler                 
00000827  malloc                        
0000082f  _system_pre_init              
00000833  C$$EXIT                       
00000833  abort                         
00000837  ADC14_IRQHandler              
00000837  AES256_IRQHandler             
00000837  BusFault_Handler              
00000837  COMP_E0_IRQHandler            
00000837  COMP_E1_IRQHandler            
00000837  CS_IRQHandler                 
00000837  DMA_ERR_IRQHandler            
00000837  DMA_INT0_IRQHandler           
00000837  DMA_INT1_IRQHandler           
00000837  DMA_INT2_IRQHandler           
00000837  DMA_INT3_IRQHandler           
00000837  DebugMon_Handler              
00000837  Default_Handler               
00000837  EUSCIA1_IRQHandler            
00000837  EUSCIA3_IRQHandler            
00000837  EUSCIB0_IRQHandler            
00000837  EUSCIB1_IRQHandler            
00000837  EUSCIB2_IRQHandler            
00000837  EUSCIB3_IRQHandler            
00000837  FLCTL_IRQHandler              
00000837  FPU_IRQHandler                
00000837  HardFault_Handler             
00000837  MemManage_Handler             
00000837  NMI_Handler                   
00000837  PCM_IRQHandler                
00000837  PORT1_IRQHandler              
00000837  PORT2_IRQHandler              
00000837  PORT3_IRQHandler              
00000837  PORT4_IRQHandler              
00000837  PORT5_IRQHandler              
00000837  PORT6_IRQHandler              
00000837  PSS_IRQHandler                
00000837  PendSV_Handler                
00000837  RTC_C_IRQHandler              
00000837  SVC_Handler                   
00000837  SysTick_Handler               
00000837  T32_INT1_IRQHandler           
00000837  T32_INT2_IRQHandler           
00000837  T32_INTC_IRQHandler           
00000837  TA0_0_IRQHandler              
00000837  TA0_N_IRQHandler              
00000837  TA1_0_IRQHandler              
00000837  TA1_N_IRQHandler              
00000837  TA2_0_IRQHandler              
00000837  TA2_N_IRQHandler              
00000837  TA3_0_IRQHandler              
00000837  TA3_N_IRQHandler              
00000837  UsageFault_Handler            
00000837  WDT_A_IRQHandler              
00000839  _nop                          
00000864  __TI_Handler_Table_Base       
0000086c  __TI_CINIT_Base               
0000086c  __TI_Handler_Table_Limit      
00000874  __TI_CINIT_Limit              
20000000  _sys_memory                   
20000800  CRC_Flag                      
20000801  FLAG                          
20000802  Start_Flag                    
20000804  buffer                        
20000808  ISR_index                     
2000080a  CRC_index                     
2000080c  CRC_result                    
2000080e  set_master                    
2000081c  _lock                         
20000820  _unlock                       
2000fe00  __stack                       
20010000  __STACK_END                   
4000480c  WDTCTL_SYM                    
ffffffff  __TI_pprof_out_hndl           
ffffffff  __TI_prof_data_size           
ffffffff  __TI_prof_data_start          
ffffffff  __binit__                     
ffffffff  __c_args__                    
ffffffff  binit                         
UNDEFED   __mpu_init                    
UNDEFED   _system_post_cinit            

[105 symbols]
