******************************************************************************
                  TI ARM Linker PC v18.12.2                    
******************************************************************************
>> Linked Mon Dec  2 17:15:37 2019

OUTPUT FILE NAME:   <BL_UART_MASTER.out>
ENTRY POINT SYMBOL: "_c_int00_noargs"  address: 0000066d


MEMORY CONFIGURATION

         name            origin    length      used     unused   attr    fill
----------------------  --------  ---------  --------  --------  ----  --------
  MAIN                  00000000   00040000  00000782  0003f87e  R  X
  INFO                  00200000   00004000  00000000  00004000  R  X
  SRAM_CODE             01000000   00010000  00000a1c  0000f5e4  RW X
  SRAM_DATA             20000000   00010000  00000a1c  0000f5e4  RW  


SEGMENT ALLOCATION MAP

run origin  load origin   length   init length attrs members
----------  ----------- ---------- ----------- ----- -------
00000000    00000000    00000784   00000784    r-x
  00000000    00000000    000000e4   000000e4    r-- .intvecs
  000000e4    000000e4    0000067a   0000067a    r-x .text
  00000760    00000760    00000024   00000024    r-- .cinit
20000000    20000000    0000081c   00000000    rw-
  20000000    20000000    00000800   00000000    rw- .sysmem
  20000800    20000800    0000001c   00000000    rw- .data
2000fe00    2000fe00    00000200   00000000    rw-
  2000fe00    2000fe00    00000200   00000000    rw- .stack


SECTION ALLOCATION MAP

 output                                  attributes/
section   page    origin      length       input sections
--------  ----  ----------  ----------   ----------------
.intvecs   0    00000000    000000e4     
                  00000000    000000e4     startup_msp432p401r_ccs.obj (.intvecs:retain)

.text      0    000000e4    0000067a     
                  000000e4    000001cc     PC_TO_BL.obj (.text:main)
                  000002b0    000000f4     rtsv7M4_T_le_v4SPD16_eabi.lib : memory.c.obj (.text:aligned_alloc)
                  000003a4    0000009c                                   : memcpy_t2.asm.obj (.text)
                  00000440    0000007c                                   : memory.c.obj (.text:split)
                  000004bc    00000078     system_msp432p401r.obj (.text:SystemInit)
                  00000534    00000068     rtsv7M4_T_le_v4SPD16_eabi.lib : copy_decompress_lzss.c.obj (.text:decompress:lzss:__TI_decompress_lzss)
                  0000059c    00000054     PC_TO_BL.obj (.text:EUSCIA0_IRQHandler)
                  000005f0    00000044     rtsv7M4_T_le_v4SPD16_eabi.lib : autoinit.c.obj (.text:__TI_auto_init_nobinit_nopinit:__TI_auto_init_nobinit_nopinit)
                  00000634    00000038     PC_TO_BL.obj (.text:EUSCIA2_IRQHandler)
                  0000066c    00000034     rtsv7M4_T_le_v4SPD16_eabi.lib : boot_cortex_m.c.obj (.text:_c_int00_noargs:_c_int00_noargs)
                  000006a0    00000028                                   : memory.c.obj (.text:free_list_insert)
                  000006c8    0000001c     CRC.obj (.text:CRC_Init)
                  000006e4    0000001c     rtsv7M4_T_le_v4SPD16_eabi.lib : memory.c.obj (.text:free_list_remove)
                  00000700    00000018     CRC.obj (.text:CRC_Result_master)
                  00000718    00000018     CRC.obj (.text:CRC_calculation)
                  00000730    0000000e     rtsv7M4_T_le_v4SPD16_eabi.lib : copy_decompress_none.c.obj (.text:decompress:none:__TI_decompress_none)
                  0000073e    0000000c     startup_msp432p401r_ccs.obj (.text:Reset_Handler)
                  0000074a    00000008     rtsv7M4_T_le_v4SPD16_eabi.lib : memory.c.obj (.text:malloc)
                  00000752    00000004                                   : pre_init.c.obj (.text:_system_pre_init)
                  00000756    00000004                                   : exit.c.obj (.text:abort:abort)
                  0000075a    00000002     startup_msp432p401r_ccs.obj (.text:Default_Handler)
                  0000075c    00000002     rtsv7M4_T_le_v4SPD16_eabi.lib : _lock.c.obj (.text:_nop)

.cinit     0    00000760    00000024     
                  00000760    00000012     (.cinit..data.load) [load image, compression = lzss]
                  00000772    00000002     --HOLE-- [fill = 0]
                  00000774    00000008     (__TI_handler_table)
                  0000077c    00000008     (__TI_cinit_table)

.init_array 
*          0    00000000    00000000     UNINITIALIZED

.binit     0    00000000    00000000     

.data      0    20000800    0000001c     UNINITIALIZED
                  20000800    0000000c     PC_TO_BL.obj (.data)
                  2000080c    00000008     rtsv7M4_T_le_v4SPD16_eabi.lib : _lock.c.obj (.data:$O1$$)
                  20000814    00000008                                   : memory.c.obj (.data:$O1$$)

.sysmem    0    20000000    00000800     UNINITIALIZED
                  20000000    00000010     rtsv7M4_T_le_v4SPD16_eabi.lib : memory.c.obj (.sysmem)
                  20000010    000007f0     --HOLE--

.stack     0    2000fe00    00000200     UNINITIALIZED
                  2000fe00    00000004     rtsv7M4_T_le_v4SPD16_eabi.lib : boot_cortex_m.c.obj (.stack)
                  2000fe04    000001fc     --HOLE--

MODULE SUMMARY

       Module                        code   ro data   rw data
       ------                        ----   -------   -------
    .\
       PC_TO_BL.obj                  600    0         24     
       system_msp432p401r.obj        120    0         0      
       CRC.obj                       76     0         0      
    +--+-----------------------------+------+---------+---------+
       Total:                        796    0         24     
                                                             
    .\ccs\
       startup_msp432p401r_ccs.obj   14     228       0      
    +--+-----------------------------+------+---------+---------+
       Total:                        14     228       0      
                                                             
    C:\ti\ccs910\ccs\tools\compiler\ti-cgt-arm_18.12.2.LTS\lib\rtsv7M4_T_le_v4SPD16_eabi.lib
       memory.c.obj                  444    0         16     
       memcpy_t2.asm.obj             156    0         0      
       copy_decompress_lzss.c.obj    104    0         0      
       autoinit.c.obj                68     0         0      
       boot_cortex_m.c.obj           52     0         0      
       _lock.c.obj                   2      0         16     
       copy_decompress_none.c.obj    14     0         0      
       exit.c.obj                    4      0         0      
       pre_init.c.obj                4      0         0      
    +--+-----------------------------+------+---------+---------+
       Total:                        848    0         32     
                                                             
       Heap:                         0      0         4096   
       Stack:                        0      0         1024   
       Linker Generated:             0      34        0      
    +--+-----------------------------+------+---------+---------+
       Grand Total:                  1658   262       5176   


LINKER GENERATED COPY TABLES

__TI_cinit_table @ 0000077c records: 1, size/record: 8, table size: 8
	.data: load addr=00000760, load size=00000012 bytes, run addr=20000800, run size=0000001c bytes, compression=lzss


LINKER GENERATED HANDLER TABLE

__TI_handler_table @ 00000774 records: 2, size/record: 4, table size: 8
	index: 0, handler: __TI_decompress_lzss
	index: 1, handler: __TI_decompress_none


GLOBAL SYMBOLS: SORTED ALPHABETICALLY BY Name 

address   name                          
-------   ----                          
0000075b  ADC14_IRQHandler              
0000075b  AES256_IRQHandler             
0000075b  BusFault_Handler              
00000757  C$$EXIT                       
0000075b  COMP_E0_IRQHandler            
0000075b  COMP_E1_IRQHandler            
000006c9  CRC_Init                      
00000701  CRC_Result_master             
00000719  CRC_calculation               
2000080a  CRC_result                    
0000075b  CS_IRQHandler                 
0000075b  DMA_ERR_IRQHandler            
0000075b  DMA_INT0_IRQHandler           
0000075b  DMA_INT1_IRQHandler           
0000075b  DMA_INT2_IRQHandler           
0000075b  DMA_INT3_IRQHandler           
0000075b  DebugMon_Handler              
0000075b  Default_Handler               
0000059d  EUSCIA0_IRQHandler            
0000059d  EUSCIA0_IRQHandler            
0000075b  EUSCIA1_IRQHandler            
00000635  EUSCIA2_IRQHandler            
00000635  EUSCIA2_IRQHandler            
0000075b  EUSCIA3_IRQHandler            
0000075b  EUSCIB0_IRQHandler            
0000075b  EUSCIB1_IRQHandler            
0000075b  EUSCIB2_IRQHandler            
0000075b  EUSCIB3_IRQHandler            
20000800  FLAG                          
0000075b  FLCTL_IRQHandler              
0000075b  FPU_IRQHandler                
0000075b  HardFault_Handler             
0000075b  MemManage_Handler             
0000075b  NMI_Handler                   
0000075b  PCM_IRQHandler                
0000075b  PORT1_IRQHandler              
0000075b  PORT2_IRQHandler              
0000075b  PORT3_IRQHandler              
0000075b  PORT4_IRQHandler              
0000075b  PORT5_IRQHandler              
0000075b  PORT6_IRQHandler              
0000075b  PSS_IRQHandler                
0000075b  PendSV_Handler                
0000075b  RTC_C_IRQHandler              
0000073f  Reset_Handler                 
0000075b  SVC_Handler                   
0000075b  SysTick_Handler               
000004bd  SystemInit                    
0000075b  T32_INT1_IRQHandler           
0000075b  T32_INT2_IRQHandler           
0000075b  T32_INTC_IRQHandler           
0000075b  TA0_0_IRQHandler              
0000075b  TA0_N_IRQHandler              
0000075b  TA1_0_IRQHandler              
0000075b  TA1_N_IRQHandler              
0000075b  TA2_0_IRQHandler              
0000075b  TA2_N_IRQHandler              
0000075b  TA3_0_IRQHandler              
0000075b  TA3_N_IRQHandler              
0000075b  UsageFault_Handler            
4000480c  WDTCTL_SYM                    
0000075b  WDT_A_IRQHandler              
20010000  __STACK_END                   
00000200  __STACK_SIZE                  
00000800  __SYSMEM_SIZE                 
0000077c  __TI_CINIT_Base               
00000784  __TI_CINIT_Limit              
00000774  __TI_Handler_Table_Base       
0000077c  __TI_Handler_Table_Limit      
000005f1  __TI_auto_init_nobinit_nopinit
00000535  __TI_decompress_lzss          
00000731  __TI_decompress_none          
ffffffff  __TI_pprof_out_hndl           
ffffffff  __TI_prof_data_size           
ffffffff  __TI_prof_data_start          
00000000  __TI_static_base__            
000003a5  __aeabi_memcpy                
000003a5  __aeabi_memcpy4               
000003a5  __aeabi_memcpy8               
ffffffff  __binit__                     
ffffffff  __c_args__                    
UNDEFED   __mpu_init                    
2000fe00  __stack                       
0000066d  _c_int00_noargs               
2000080c  _lock                         
0000075d  _nop                          
20000000  _sys_memory                   
UNDEFED   _system_post_cinit            
00000753  _system_pre_init              
20000810  _unlock                       
00000757  abort                         
000002b1  aligned_alloc                 
ffffffff  binit                         
20000804  buffer                        
20000808  counter                       
20000809  index                         
00000000  interruptVectors              
000000e5  main                          
0000074b  malloc                        
000002b1  memalign                      
000003a5  memcpy                        


GLOBAL SYMBOLS: SORTED BY Symbol Address 

address   name                          
-------   ----                          
00000000  __TI_static_base__            
00000000  interruptVectors              
000000e5  main                          
00000200  __STACK_SIZE                  
000002b1  aligned_alloc                 
000002b1  memalign                      
000003a5  __aeabi_memcpy                
000003a5  __aeabi_memcpy4               
000003a5  __aeabi_memcpy8               
000003a5  memcpy                        
000004bd  SystemInit                    
00000535  __TI_decompress_lzss          
0000059d  EUSCIA0_IRQHandler            
0000059d  EUSCIA0_IRQHandler            
000005f1  __TI_auto_init_nobinit_nopinit
00000635  EUSCIA2_IRQHandler            
00000635  EUSCIA2_IRQHandler            
0000066d  _c_int00_noargs               
000006c9  CRC_Init                      
00000701  CRC_Result_master             
00000719  CRC_calculation               
00000731  __TI_decompress_none          
0000073f  Reset_Handler                 
0000074b  malloc                        
00000753  _system_pre_init              
00000757  C$$EXIT                       
00000757  abort                         
0000075b  ADC14_IRQHandler              
0000075b  AES256_IRQHandler             
0000075b  BusFault_Handler              
0000075b  COMP_E0_IRQHandler            
0000075b  COMP_E1_IRQHandler            
0000075b  CS_IRQHandler                 
0000075b  DMA_ERR_IRQHandler            
0000075b  DMA_INT0_IRQHandler           
0000075b  DMA_INT1_IRQHandler           
0000075b  DMA_INT2_IRQHandler           
0000075b  DMA_INT3_IRQHandler           
0000075b  DebugMon_Handler              
0000075b  Default_Handler               
0000075b  EUSCIA1_IRQHandler            
0000075b  EUSCIA3_IRQHandler            
0000075b  EUSCIB0_IRQHandler            
0000075b  EUSCIB1_IRQHandler            
0000075b  EUSCIB2_IRQHandler            
0000075b  EUSCIB3_IRQHandler            
0000075b  FLCTL_IRQHandler              
0000075b  FPU_IRQHandler                
0000075b  HardFault_Handler             
0000075b  MemManage_Handler             
0000075b  NMI_Handler                   
0000075b  PCM_IRQHandler                
0000075b  PORT1_IRQHandler              
0000075b  PORT2_IRQHandler              
0000075b  PORT3_IRQHandler              
0000075b  PORT4_IRQHandler              
0000075b  PORT5_IRQHandler              
0000075b  PORT6_IRQHandler              
0000075b  PSS_IRQHandler                
0000075b  PendSV_Handler                
0000075b  RTC_C_IRQHandler              
0000075b  SVC_Handler                   
0000075b  SysTick_Handler               
0000075b  T32_INT1_IRQHandler           
0000075b  T32_INT2_IRQHandler           
0000075b  T32_INTC_IRQHandler           
0000075b  TA0_0_IRQHandler              
0000075b  TA0_N_IRQHandler              
0000075b  TA1_0_IRQHandler              
0000075b  TA1_N_IRQHandler              
0000075b  TA2_0_IRQHandler              
0000075b  TA2_N_IRQHandler              
0000075b  TA3_0_IRQHandler              
0000075b  TA3_N_IRQHandler              
0000075b  UsageFault_Handler            
0000075b  WDT_A_IRQHandler              
0000075d  _nop                          
00000774  __TI_Handler_Table_Base       
0000077c  __TI_CINIT_Base               
0000077c  __TI_Handler_Table_Limit      
00000784  __TI_CINIT_Limit              
00000800  __SYSMEM_SIZE                 
20000000  _sys_memory                   
20000800  FLAG                          
20000804  buffer                        
20000808  counter                       
20000809  index                         
2000080a  CRC_result                    
2000080c  _lock                         
20000810  _unlock                       
2000fe00  __stack                       
20010000  __STACK_END                   
4000480c  WDTCTL_SYM                    
ffffffff  __TI_pprof_out_hndl           
ffffffff  __TI_prof_data_size           
ffffffff  __TI_prof_data_start          
ffffffff  __binit__                     
ffffffff  __c_args__                    
ffffffff  binit                         
UNDEFED   __mpu_init                    
UNDEFED   _system_post_cinit            

[101 symbols]
