******************************************************************************
                  TI ARM Linker PC v18.12.3                    
******************************************************************************
>> Linked Wed Dec  4 13:20:18 2019

OUTPUT FILE NAME:   <BL_SLAVE.out>
ENTRY POINT SYMBOL: "_c_int00_noargs"  address: 000006cd


MEMORY CONFIGURATION

         name            origin    length      used     unused   attr    fill
----------------------  --------  ---------  --------  --------  ----  --------
  MAIN                  00000000   00040000  000007fe  0003f802  R  X
  INFO                  00200000   00004000  00000000  00004000  R  X
  SRAM_CODE             01000000   00010000  00000a24  0000f5dc  RW X
  SRAM_DATA             20000000   00010000  00000a24  0000f5dc  RW  


SEGMENT ALLOCATION MAP

run origin  load origin   length   init length attrs members
----------  ----------- ---------- ----------- ----- -------
00000000    00000000    00000804   00000804    r-x
  00000000    00000000    000000e4   000000e4    r-- .intvecs
  000000e4    000000e4    000006f6   000006f6    r-x .text
  000007e0    000007e0    00000024   00000024    r-- .cinit
20000000    20000000    00000824   00000000    rw-
  20000000    20000000    00000800   00000000    rw- .sysmem
  20000800    20000800    00000024   00000000    rw- .data
2000fe00    2000fe00    00000200   00000000    rw-
  2000fe00    2000fe00    00000200   00000000    rw- .stack


SECTION ALLOCATION MAP

 output                                  attributes/
section   page    origin      length       input sections
--------  ----  ----------  ----------   ----------------
.intvecs   0    00000000    000000e4     
                  00000000    000000e4     startup_msp432p401r_ccs.obj (.intvecs:retain)

.text      0    000000e4    000006f6     
                  000000e4    00000264     BL_Slave.obj (.text:main)
                  00000348    000000f4     rtsv7M4_T_le_v4SPD16_eabi.lib : memory.c.obj (.text:aligned_alloc)
                  0000043c    0000009c                                   : memcpy_t2.asm.obj (.text)
                  000004d8    0000007c                                   : memory.c.obj (.text:split)
                  00000554    00000078     system_msp432p401r.obj (.text:SystemInit)
                  000005cc    00000068     rtsv7M4_T_le_v4SPD16_eabi.lib : copy_decompress_lzss.c.obj (.text:decompress:lzss:__TI_decompress_lzss)
                  00000634    00000054     BL_Slave.obj (.text:EUSCIA2_IRQHandler)
                  00000688    00000044     rtsv7M4_T_le_v4SPD16_eabi.lib : autoinit.c.obj (.text:__TI_auto_init_nobinit_nopinit:__TI_auto_init_nobinit_nopinit)
                  000006cc    00000034                                   : boot_cortex_m.c.obj (.text:_c_int00_noargs:_c_int00_noargs)
                  00000700    00000028                                   : memory.c.obj (.text:free_list_insert)
                  00000728    0000001c     CRC.obj (.text:CRC_Init)
                  00000744    0000001c     BL_Slave.obj (.text:EUSCIA0_IRQHandler)
                  00000760    0000001c     rtsv7M4_T_le_v4SPD16_eabi.lib : memory.c.obj (.text:free_list_remove)
                  0000077c    00000018     CRC.obj (.text:CRC_Result_master)
                  00000794    00000018     CRC.obj (.text:CRC_calculation)
                  000007ac    0000000e     rtsv7M4_T_le_v4SPD16_eabi.lib : copy_decompress_none.c.obj (.text:decompress:none:__TI_decompress_none)
                  000007ba    0000000c     startup_msp432p401r_ccs.obj (.text:Reset_Handler)
                  000007c6    00000008     rtsv7M4_T_le_v4SPD16_eabi.lib : memory.c.obj (.text:malloc)
                  000007ce    00000004                                   : pre_init.c.obj (.text:_system_pre_init)
                  000007d2    00000004                                   : exit.c.obj (.text:abort:abort)
                  000007d6    00000002     startup_msp432p401r_ccs.obj (.text:Default_Handler)
                  000007d8    00000002     rtsv7M4_T_le_v4SPD16_eabi.lib : _lock.c.obj (.text:_nop)

.cinit     0    000007e0    00000024     
                  000007e0    00000014     (.cinit..data.load) [load image, compression = lzss]
                  000007f4    00000008     (__TI_handler_table)
                  000007fc    00000008     (__TI_cinit_table)

.init_array 
*          0    00000000    00000000     UNINITIALIZED

.binit     0    00000000    00000000     

.data      0    20000800    00000024     UNINITIALIZED
                  20000800    00000012     BL_Slave.obj (.data)
                  20000812    00000002     --HOLE--
                  20000814    00000008     rtsv7M4_T_le_v4SPD16_eabi.lib : _lock.c.obj (.data:$O1$$)
                  2000081c    00000008                                   : memory.c.obj (.data:$O1$$)

.sysmem    0    20000000    00000800     UNINITIALIZED
                  20000000    00000010     rtsv7M4_T_le_v4SPD16_eabi.lib : memory.c.obj (.sysmem)
                  20000010    000007f0     --HOLE--

.stack     0    2000fe00    00000200     UNINITIALIZED
                  2000fe00    00000004     rtsv7M4_T_le_v4SPD16_eabi.lib : boot_cortex_m.c.obj (.stack)
                  2000fe04    000001fc     --HOLE--

MODULE SUMMARY

       Module                        code   ro data   rw data
       ------                        ----   -------   -------
    .\
       BL_Slave.obj                  724    0         36     
       system_msp432p401r.obj        120    0         0      
       CRC.obj                       76     0         0      
    +--+-----------------------------+------+---------+---------+
       Total:                        920    0         36     
                                                             
    .\ccs\
       startup_msp432p401r_ccs.obj   14     228       0      
    +--+-----------------------------+------+---------+---------+
       Total:                        14     228       0      
                                                             
    C:\ti\ccs910\ccs\tools\compiler\ti-cgt-arm_18.12.3.LTS\lib\rtsv7M4_T_le_v4SPD16_eabi.lib
       memory.c.obj                  444    0         16     
       memcpy_t2.asm.obj             156    0         0      
       copy_decompress_lzss.c.obj    104    0         0      
       autoinit.c.obj                68     0         0      
       boot_cortex_m.c.obj           52     0         0      
       _lock.c.obj                   2      0         16     
       copy_decompress_none.c.obj    14     0         0      
       exit.c.obj                    4      0         0      
       pre_init.c.obj                4      0         0      
    +--+-----------------------------+------+---------+---------+
       Total:                        848    0         32     
                                                             
       Heap:                         0      0         4096   
       Stack:                        0      0         1024   
       Linker Generated:             0      36        0      
    +--+-----------------------------+------+---------+---------+
       Grand Total:                  1782   264       5188   


LINKER GENERATED COPY TABLES

__TI_cinit_table @ 000007fc records: 1, size/record: 8, table size: 8
	.data: load addr=000007e0, load size=00000014 bytes, run addr=20000800, run size=00000024 bytes, compression=lzss


LINKER GENERATED HANDLER TABLE

__TI_handler_table @ 000007f4 records: 2, size/record: 4, table size: 8
	index: 0, handler: __TI_decompress_lzss
	index: 1, handler: __TI_decompress_none


GLOBAL SYMBOLS: SORTED ALPHABETICALLY BY Name 

address   name                          
-------   ----                          
000007d7  ADC14_IRQHandler              
000007d7  AES256_IRQHandler             
000007d7  BusFault_Handler              
000007d3  C$$EXIT                       
000007d7  COMP_E0_IRQHandler            
000007d7  COMP_E1_IRQHandler            
20000808  CRC_Flag                      
20000804  CRC_Index                     
00000729  CRC_Init                      
20000806  CRC_Result                    
0000077d  CRC_Result_master             
00000795  CRC_calculation               
000007d7  CS_IRQHandler                 
000007d7  DMA_ERR_IRQHandler            
000007d7  DMA_INT0_IRQHandler           
000007d7  DMA_INT1_IRQHandler           
000007d7  DMA_INT2_IRQHandler           
000007d7  DMA_INT3_IRQHandler           
000007d7  DebugMon_Handler              
000007d7  Default_Handler               
00000745  EUSCIA0_IRQHandler            
00000745  EUSCIA0_IRQHandler            
000007d7  EUSCIA1_IRQHandler            
00000635  EUSCIA2_IRQHandler            
00000635  EUSCIA2_IRQHandler            
000007d7  EUSCIA3_IRQHandler            
000007d7  EUSCIB0_IRQHandler            
000007d7  EUSCIB1_IRQHandler            
000007d7  EUSCIB2_IRQHandler            
000007d7  EUSCIB3_IRQHandler            
000007d7  FLCTL_IRQHandler              
000007d7  FPU_IRQHandler                
000007d7  HardFault_Handler             
000007d7  MemManage_Handler             
000007d7  NMI_Handler                   
000007d7  PCM_IRQHandler                
000007d7  PORT1_IRQHandler              
000007d7  PORT2_IRQHandler              
000007d7  PORT3_IRQHandler              
000007d7  PORT4_IRQHandler              
000007d7  PORT5_IRQHandler              
000007d7  PORT6_IRQHandler              
000007d7  PSS_IRQHandler                
000007d7  PendSV_Handler                
20000800  Program_Flag                  
000007d7  RTC_C_IRQHandler              
20000802  RX_Index                      
000007bb  Reset_Handler                 
000007d7  SVC_Handler                   
20000809  Start                         
000007d7  SysTick_Handler               
00000555  SystemInit                    
000007d7  T32_INT1_IRQHandler           
000007d7  T32_INT2_IRQHandler           
000007d7  T32_INTC_IRQHandler           
000007d7  TA0_0_IRQHandler              
000007d7  TA0_N_IRQHandler              
000007d7  TA1_0_IRQHandler              
000007d7  TA1_N_IRQHandler              
000007d7  TA2_0_IRQHandler              
000007d7  TA2_N_IRQHandler              
000007d7  TA3_0_IRQHandler              
000007d7  TA3_N_IRQHandler              
000007d7  UsageFault_Handler            
4000480c  WDTCTL_SYM                    
000007d7  WDT_A_IRQHandler              
20010000  __STACK_END                   
00000200  __STACK_SIZE                  
00000800  __SYSMEM_SIZE                 
000007fc  __TI_CINIT_Base               
00000804  __TI_CINIT_Limit              
000007f4  __TI_Handler_Table_Base       
000007fc  __TI_Handler_Table_Limit      
00000689  __TI_auto_init_nobinit_nopinit
000005cd  __TI_decompress_lzss          
000007ad  __TI_decompress_none          
ffffffff  __TI_pprof_out_hndl           
ffffffff  __TI_prof_data_size           
ffffffff  __TI_prof_data_start          
00000000  __TI_static_base__            
0000043d  __aeabi_memcpy                
0000043d  __aeabi_memcpy4               
0000043d  __aeabi_memcpy8               
ffffffff  __binit__                     
ffffffff  __c_args__                    
UNDEFED   __mpu_init                    
2000fe00  __stack                       
000006cd  _c_int00_noargs               
20000814  _lock                         
000007d9  _nop                          
20000000  _sys_memory                   
UNDEFED   _system_post_cinit            
000007cf  _system_pre_init              
20000818  _unlock                       
000007d3  abort                         
00000349  aligned_alloc                 
ffffffff  binit                         
2000080c  buffer                        
20000810  counter                       
00000000  interruptVectors              
000000e5  main                          
000007c7  malloc                        
00000349  memalign                      
0000043d  memcpy                        


GLOBAL SYMBOLS: SORTED BY Symbol Address 

address   name                          
-------   ----                          
00000000  __TI_static_base__            
00000000  interruptVectors              
000000e5  main                          
00000200  __STACK_SIZE                  
00000349  aligned_alloc                 
00000349  memalign                      
0000043d  __aeabi_memcpy                
0000043d  __aeabi_memcpy4               
0000043d  __aeabi_memcpy8               
0000043d  memcpy                        
00000555  SystemInit                    
000005cd  __TI_decompress_lzss          
00000635  EUSCIA2_IRQHandler            
00000635  EUSCIA2_IRQHandler            
00000689  __TI_auto_init_nobinit_nopinit
000006cd  _c_int00_noargs               
00000729  CRC_Init                      
00000745  EUSCIA0_IRQHandler            
00000745  EUSCIA0_IRQHandler            
0000077d  CRC_Result_master             
00000795  CRC_calculation               
000007ad  __TI_decompress_none          
000007bb  Reset_Handler                 
000007c7  malloc                        
000007cf  _system_pre_init              
000007d3  C$$EXIT                       
000007d3  abort                         
000007d7  ADC14_IRQHandler              
000007d7  AES256_IRQHandler             
000007d7  BusFault_Handler              
000007d7  COMP_E0_IRQHandler            
000007d7  COMP_E1_IRQHandler            
000007d7  CS_IRQHandler                 
000007d7  DMA_ERR_IRQHandler            
000007d7  DMA_INT0_IRQHandler           
000007d7  DMA_INT1_IRQHandler           
000007d7  DMA_INT2_IRQHandler           
000007d7  DMA_INT3_IRQHandler           
000007d7  DebugMon_Handler              
000007d7  Default_Handler               
000007d7  EUSCIA1_IRQHandler            
000007d7  EUSCIA3_IRQHandler            
000007d7  EUSCIB0_IRQHandler            
000007d7  EUSCIB1_IRQHandler            
000007d7  EUSCIB2_IRQHandler            
000007d7  EUSCIB3_IRQHandler            
000007d7  FLCTL_IRQHandler              
000007d7  FPU_IRQHandler                
000007d7  HardFault_Handler             
000007d7  MemManage_Handler             
000007d7  NMI_Handler                   
000007d7  PCM_IRQHandler                
000007d7  PORT1_IRQHandler              
000007d7  PORT2_IRQHandler              
000007d7  PORT3_IRQHandler              
000007d7  PORT4_IRQHandler              
000007d7  PORT5_IRQHandler              
000007d7  PORT6_IRQHandler              
000007d7  PSS_IRQHandler                
000007d7  PendSV_Handler                
000007d7  RTC_C_IRQHandler              
000007d7  SVC_Handler                   
000007d7  SysTick_Handler               
000007d7  T32_INT1_IRQHandler           
000007d7  T32_INT2_IRQHandler           
000007d7  T32_INTC_IRQHandler           
000007d7  TA0_0_IRQHandler              
000007d7  TA0_N_IRQHandler              
000007d7  TA1_0_IRQHandler              
000007d7  TA1_N_IRQHandler              
000007d7  TA2_0_IRQHandler              
000007d7  TA2_N_IRQHandler              
000007d7  TA3_0_IRQHandler              
000007d7  TA3_N_IRQHandler              
000007d7  UsageFault_Handler            
000007d7  WDT_A_IRQHandler              
000007d9  _nop                          
000007f4  __TI_Handler_Table_Base       
000007fc  __TI_CINIT_Base               
000007fc  __TI_Handler_Table_Limit      
00000800  __SYSMEM_SIZE                 
00000804  __TI_CINIT_Limit              
20000000  _sys_memory                   
20000800  Program_Flag                  
20000802  RX_Index                      
20000804  CRC_Index                     
20000806  CRC_Result                    
20000808  CRC_Flag                      
20000809  Start                         
2000080c  buffer                        
20000810  counter                       
20000814  _lock                         
20000818  _unlock                       
2000fe00  __stack                       
20010000  __STACK_END                   
4000480c  WDTCTL_SYM                    
ffffffff  __TI_pprof_out_hndl           
ffffffff  __TI_prof_data_size           
ffffffff  __TI_prof_data_start          
ffffffff  __binit__                     
ffffffff  __c_args__                    
ffffffff  binit                         
UNDEFED   __mpu_init                    
UNDEFED   _system_post_cinit            

[104 symbols]
