******************************************************************************
                  TI ARM Linker PC v18.12.2                    
******************************************************************************
>> Linked Sun Dec  8 21:42:15 2019

OUTPUT FILE NAME:   <BL_MASTER.out>
ENTRY POINT SYMBOL: "_c_int00_noargs"  address: 00000d71


MEMORY CONFIGURATION

         name            origin    length      used     unused   attr    fill
----------------------  --------  ---------  --------  --------  ----  --------
  MAIN                  00000000   00040000  00000f42  0003f0be  R  X
  INFO                  00200000   00004000  00000000  00004000  R  X
  SRAM_CODE             01000000   00010000  00007308  00008cf8  RW X
  SRAM_DATA             20000000   00010000  00007308  00008cf8  RW  


SEGMENT ALLOCATION MAP

run origin  load origin   length   init length attrs members
----------  ----------- ---------- ----------- ----- -------
00000000    00000000    00000f48   00000f48    r-x
  00000000    00000000    000000e4   000000e4    r-- .intvecs
  000000e4    000000e4    00000e1e   00000e1e    r-x .text
  00000f08    00000f08    00000040   00000040    r-- .cinit
20000000    20000000    000024e8   00000000    rw-
  20000000    20000000    000020d0   00000000    rw- .bss
  200020d0    200020d0    000003e8   00000000    rw- .sysmem
  200024b8    200024b8    00000030   00000000    rw- .data
2000b1e0    2000b1e0    00004e20   00000000    rw-
  2000b1e0    2000b1e0    00004e20   00000000    rw- .stack


SECTION ALLOCATION MAP

 output                                  attributes/
section   page    origin      length       input sections
--------  ----  ----------  ----------   ----------------
.intvecs   0    00000000    000000e4     
                  00000000    000000e4     startup_msp432p401r_ccs.obj (.intvecs:retain)

.text      0    000000e4    00000e1e     
                  000000e4    00000154     state_machine.obj (.text:Transmission)
                  00000238    00000104     state_machine.obj (.text:Process_Data_State)
                  0000033c    000000fc     state_machine.obj (.text:Query_Programmer_State)
                  00000438    000000fa     state_machine.obj (.text:Receive_Data_State)
                  00000532    00000002     startup_msp432p401r_ccs.obj (.text:Default_Handler)
                  00000534    000000fa     state_machine.obj (.text:Wait_For_Validity_State)
                  0000062e    00000002     rtsv7M4_T_le_v4SPD16_eabi.lib : _lock.c.obj (.text:_nop)
                  00000630    000000f4                                   : memory.c.obj (.text:aligned_alloc)
                  00000724    000000b4     BL_Master.obj (.text:main)
                  000007d8    0000009c     rtsv7M4_T_le_v4SPD16_eabi.lib : memcpy_t2.asm.obj (.text)
                  00000874    00000094     BL_Master.obj (.text:EUSCIA2_IRQHandler)
                  00000908    0000007c     rtsv7M4_T_le_v4SPD16_eabi.lib : memory.c.obj (.text:split)
                  00000984    0000007a                                   : memset_t2.asm.obj (.text)
                  000009fe    00000002     --HOLE-- [fill = 0]
                  00000a00    00000078     system_msp432p401r.obj (.text:SystemInit)
                  00000a78    00000074     state_machine.obj (.text:Event_Handler)
                  00000aec    00000068     rtsv7M4_T_le_v4SPD16_eabi.lib : copy_decompress_lzss.c.obj (.text:decompress:lzss:__TI_decompress_lzss)
                  00000b54    00000064     UART.obj (.text:SD_Transmission)
                  00000bb8    00000060     UART.obj (.text:UART0_Init)
                  00000c18    00000060     UART.obj (.text:UART2_Init)
                  00000c78    0000005c     BL_Master.obj (.text:EUSCIA0_IRQHandler)
                  00000cd4    00000056     UART.obj (.text:SD_CRC_Processing)
                  00000d2a    00000002     --HOLE-- [fill = 0]
                  00000d2c    00000044     rtsv7M4_T_le_v4SPD16_eabi.lib : autoinit.c.obj (.text:__TI_auto_init_nobinit_nopinit:__TI_auto_init_nobinit_nopinit)
                  00000d70    00000034                                   : boot_cortex_m.c.obj (.text:_c_int00_noargs:_c_int00_noargs)
                  00000da4    00000030     state_machine.obj (.text:UART_printf)
                  00000dd4    00000028     rtsv7M4_T_le_v4SPD16_eabi.lib : memory.c.obj (.text:free_list_insert)
                  00000dfc    00000022     state_machine.obj (.text:State_Machine_Init)
                  00000e1e    00000002     --HOLE-- [fill = 0]
                  00000e20    0000001c     CRC.obj (.text:CRC_Init)
                  00000e3c    0000001c     rtsv7M4_T_le_v4SPD16_eabi.lib : memory.c.obj (.text:free_list_remove)
                  00000e58    00000018     CRC.obj (.text:CRC_Result_master)
                  00000e70    00000018     CRC.obj (.text:CRC_calculation)
                  00000e88    00000018     state_machine.obj (.text:Error_State)
                  00000ea0    00000016     state_machine.obj (.text:Set_Event)
                  00000eb6    00000016     state_machine.obj (.text:Set_State)
                  00000ecc    0000000e     rtsv7M4_T_le_v4SPD16_eabi.lib : copy_decompress_none.c.obj (.text:decompress:none:__TI_decompress_none)
                  00000eda    0000000c     startup_msp432p401r_ccs.obj (.text:Reset_Handler)
                  00000ee6    0000000c     rtsv7M4_T_le_v4SPD16_eabi.lib : copy_zero_init.c.obj (.text:decompress:ZI:__TI_zero_init)
                  00000ef2    00000008                                   : memory.c.obj (.text:malloc)
                  00000efa    00000004                                   : pre_init.c.obj (.text:_system_pre_init)
                  00000efe    00000004                                   : exit.c.obj (.text:abort:abort)

.cinit     0    00000f08    00000040     
                  00000f08    00000017     (.cinit..data.load) [load image, compression = lzss]
                  00000f1f    00000001     --HOLE-- [fill = 0]
                  00000f20    0000000c     (__TI_handler_table)
                  00000f2c    00000004     --HOLE-- [fill = 0]
                  00000f30    00000008     (.cinit..bss.load) [load image, compression = zero_init]
                  00000f38    00000010     (__TI_cinit_table)

.init_array 
*          0    00000000    00000000     UNINITIALIZED

.binit     0    00000000    00000000     

.bss       0    20000000    000020d0     UNINITIALIZED
                  20000000    000020d0     (.common:buffer)

.sysmem    0    200020d0    000003e8     UNINITIALIZED
                  200020d0    00000010     rtsv7M4_T_le_v4SPD16_eabi.lib : memory.c.obj (.sysmem)
                  200020e0    000003d8     --HOLE--

.data      0    200024b8    00000030     UNINITIALIZED
                  200024b8    00000012     BL_Master.obj (.data)
                  200024ca    0000000b     BL_Master.obj (.data:system_state_data)
                  200024d5    00000003     --HOLE--
                  200024d8    00000008     rtsv7M4_T_le_v4SPD16_eabi.lib : _lock.c.obj (.data:$O1$$)
                  200024e0    00000008                                   : memory.c.obj (.data:$O1$$)

.stack     0    2000b1e0    00004e20     UNINITIALIZED
                  2000b1e0    00000004     rtsv7M4_T_le_v4SPD16_eabi.lib : boot_cortex_m.c.obj (.stack)
                  2000b1e4    00004e1c     --HOLE--

MODULE SUMMARY

       Module                        code   ro data   rw data
       ------                        ----   -------   -------
    .\
       BL_Master.obj                 420    0         16858  
       state_machine.obj             1618   0         0      
       UART.obj                      378    0         0      
       system_msp432p401r.obj        120    0         0      
       CRC.obj                       76     0         0      
    +--+-----------------------------+------+---------+---------+
       Total:                        2612   0         16858  
                                                             
    .\ccs\
       startup_msp432p401r_ccs.obj   14     228       0      
    +--+-----------------------------+------+---------+---------+
       Total:                        14     228       0      
                                                             
    C:\ti\ccs910\ccs\tools\compiler\ti-cgt-arm_18.12.2.LTS\lib\rtsv7M4_T_le_v4SPD16_eabi.lib
       memory.c.obj                  444    0         16     
       memcpy_t2.asm.obj             156    0         0      
       memset_t2.asm.obj             122    0         0      
       copy_decompress_lzss.c.obj    104    0         0      
       autoinit.c.obj                68     0         0      
       boot_cortex_m.c.obj           52     0         0      
       _lock.c.obj                   2      0         16     
       copy_decompress_none.c.obj    14     0         0      
       copy_zero_init.c.obj          12     0         0      
       exit.c.obj                    4      0         0      
       pre_init.c.obj                4      0         0      
    +--+-----------------------------+------+---------+---------+
       Total:                        982    0         32     
                                                             
       Heap:                         0      0         2000   
       Stack:                        0      0         40000  
       Linker Generated:             0      59        0      
    +--+-----------------------------+------+---------+---------+
       Grand Total:                  3608   287       58890  


LINKER GENERATED COPY TABLES

__TI_cinit_table @ 00000f38 records: 2, size/record: 8, table size: 16
	.data: load addr=00000f08, load size=00000017 bytes, run addr=200024b8, run size=00000030 bytes, compression=lzss
	.bss: load addr=00000f30, load size=00000008 bytes, run addr=20000000, run size=000020d0 bytes, compression=zero_init


LINKER GENERATED HANDLER TABLE

__TI_handler_table @ 00000f20 records: 3, size/record: 4, table size: 12
	index: 0, handler: __TI_decompress_lzss
	index: 1, handler: __TI_decompress_none
	index: 2, handler: __TI_zero_init


GLOBAL SYMBOLS: SORTED ALPHABETICALLY BY Name 

address   name                          
-------   ----                          
00000533  ADC14_IRQHandler              
00000533  AES256_IRQHandler             
00000533  BusFault_Handler              
00000eff  C$$EXIT                       
00000533  COMP_E0_IRQHandler            
00000533  COMP_E1_IRQHandler            
200024c0  CRC_Flag                      
00000e21  CRC_Init                      
00000e59  CRC_Result_master             
00000e71  CRC_calculation               
200024c6  CRC_index                     
200024c8  CRC_result                    
00000533  CS_IRQHandler                 
00000533  DMA_ERR_IRQHandler            
00000533  DMA_INT0_IRQHandler           
00000533  DMA_INT1_IRQHandler           
00000533  DMA_INT2_IRQHandler           
00000533  DMA_INT3_IRQHandler           
00000533  DebugMon_Handler              
00000533  Default_Handler               
00000c79  EUSCIA0_IRQHandler            
00000c79  EUSCIA0_IRQHandler            
00000533  EUSCIA1_IRQHandler            
00000875  EUSCIA2_IRQHandler            
00000875  EUSCIA2_IRQHandler            
00000533  EUSCIA3_IRQHandler            
00000533  EUSCIB0_IRQHandler            
00000533  EUSCIB1_IRQHandler            
00000533  EUSCIB2_IRQHandler            
00000533  EUSCIB3_IRQHandler            
00000a79  Event_Handler                 
00000533  FLCTL_IRQHandler              
00000533  FPU_IRQHandler                
00000533  HardFault_Handler             
200024c4  ISR_index                     
00000533  MemManage_Handler             
00000533  NMI_Handler                   
00000533  PCM_IRQHandler                
00000533  PORT1_IRQHandler              
00000533  PORT2_IRQHandler              
00000533  PORT3_IRQHandler              
00000533  PORT4_IRQHandler              
00000533  PORT5_IRQHandler              
00000533  PORT6_IRQHandler              
00000533  PSS_IRQHandler                
00000533  PendSV_Handler                
00000533  RTC_C_IRQHandler              
00000edb  Reset_Handler                 
00000cd5  SD_CRC_Processing             
00000b55  SD_Transmission               
00000533  SVC_Handler                   
00000ea1  Set_Event                     
00000eb7  Set_State                     
200024c2  Start_Flag                    
00000dfd  State_Machine_Init            
00000533  SysTick_Handler               
00000a01  SystemInit                    
00000533  T32_INT1_IRQHandler           
00000533  T32_INT2_IRQHandler           
00000533  T32_INTC_IRQHandler           
00000533  TA0_0_IRQHandler              
00000533  TA0_N_IRQHandler              
00000533  TA1_0_IRQHandler              
00000533  TA1_N_IRQHandler              
00000533  TA2_0_IRQHandler              
00000533  TA2_N_IRQHandler              
00000533  TA3_0_IRQHandler              
00000533  TA3_N_IRQHandler              
200024c1  TXN_Flag                      
00000bb9  UART0_Init                    
00000c19  UART2_Init                    
00000da5  UART_printf                   
00000533  UsageFault_Handler            
4000480c  WDTCTL_SYM                    
00000533  WDT_A_IRQHandler              
20010000  __STACK_END                   
00004e20  __STACK_SIZE                  
000003e8  __SYSMEM_SIZE                 
00000f38  __TI_CINIT_Base               
00000f48  __TI_CINIT_Limit              
00000f20  __TI_Handler_Table_Base       
00000f2c  __TI_Handler_Table_Limit      
00000d2d  __TI_auto_init_nobinit_nopinit
00000aed  __TI_decompress_lzss          
00000ecd  __TI_decompress_none          
ffffffff  __TI_pprof_out_hndl           
ffffffff  __TI_prof_data_size           
ffffffff  __TI_prof_data_start          
00000000  __TI_static_base__            
00000ee7  __TI_zero_init                
00000985  __aeabi_memclr                
00000985  __aeabi_memclr4               
00000985  __aeabi_memclr8               
000007d9  __aeabi_memcpy                
000007d9  __aeabi_memcpy4               
000007d9  __aeabi_memcpy8               
00000987  __aeabi_memset                
00000987  __aeabi_memset4               
00000987  __aeabi_memset8               
ffffffff  __binit__                     
ffffffff  __c_args__                    
UNDEFED   __mpu_init                    
2000b1e0  __stack                       
00000d71  _c_int00_noargs               
200024d8  _lock                         
0000062f  _nop                          
200020d0  _sys_memory                   
UNDEFED   _system_post_cinit            
00000efb  _system_pre_init              
200024dc  _unlock                       
00000eff  abort                         
00000631  aligned_alloc                 
ffffffff  binit                         
20000000  buffer                        
00000000  interruptVectors              
00000725  main                          
00000ef3  malloc                        
00000631  memalign                      
000007d9  memcpy                        
0000098d  memset                        
200024bc  state_machine                 
200024b8  system_state                  
200024ca  system_state_data             


GLOBAL SYMBOLS: SORTED BY Symbol Address 

address   name                          
-------   ----                          
00000000  __TI_static_base__            
00000000  interruptVectors              
000003e8  __SYSMEM_SIZE                 
00000533  ADC14_IRQHandler              
00000533  AES256_IRQHandler             
00000533  BusFault_Handler              
00000533  COMP_E0_IRQHandler            
00000533  COMP_E1_IRQHandler            
00000533  CS_IRQHandler                 
00000533  DMA_ERR_IRQHandler            
00000533  DMA_INT0_IRQHandler           
00000533  DMA_INT1_IRQHandler           
00000533  DMA_INT2_IRQHandler           
00000533  DMA_INT3_IRQHandler           
00000533  DebugMon_Handler              
00000533  Default_Handler               
00000533  EUSCIA1_IRQHandler            
00000533  EUSCIA3_IRQHandler            
00000533  EUSCIB0_IRQHandler            
00000533  EUSCIB1_IRQHandler            
00000533  EUSCIB2_IRQHandler            
00000533  EUSCIB3_IRQHandler            
00000533  FLCTL_IRQHandler              
00000533  FPU_IRQHandler                
00000533  HardFault_Handler             
00000533  MemManage_Handler             
00000533  NMI_Handler                   
00000533  PCM_IRQHandler                
00000533  PORT1_IRQHandler              
00000533  PORT2_IRQHandler              
00000533  PORT3_IRQHandler              
00000533  PORT4_IRQHandler              
00000533  PORT5_IRQHandler              
00000533  PORT6_IRQHandler              
00000533  PSS_IRQHandler                
00000533  PendSV_Handler                
00000533  RTC_C_IRQHandler              
00000533  SVC_Handler                   
00000533  SysTick_Handler               
00000533  T32_INT1_IRQHandler           
00000533  T32_INT2_IRQHandler           
00000533  T32_INTC_IRQHandler           
00000533  TA0_0_IRQHandler              
00000533  TA0_N_IRQHandler              
00000533  TA1_0_IRQHandler              
00000533  TA1_N_IRQHandler              
00000533  TA2_0_IRQHandler              
00000533  TA2_N_IRQHandler              
00000533  TA3_0_IRQHandler              
00000533  TA3_N_IRQHandler              
00000533  UsageFault_Handler            
00000533  WDT_A_IRQHandler              
0000062f  _nop                          
00000631  aligned_alloc                 
00000631  memalign                      
00000725  main                          
000007d9  __aeabi_memcpy                
000007d9  __aeabi_memcpy4               
000007d9  __aeabi_memcpy8               
000007d9  memcpy                        
00000875  EUSCIA2_IRQHandler            
00000875  EUSCIA2_IRQHandler            
00000985  __aeabi_memclr                
00000985  __aeabi_memclr4               
00000985  __aeabi_memclr8               
00000987  __aeabi_memset                
00000987  __aeabi_memset4               
00000987  __aeabi_memset8               
0000098d  memset                        
00000a01  SystemInit                    
00000a79  Event_Handler                 
00000aed  __TI_decompress_lzss          
00000b55  SD_Transmission               
00000bb9  UART0_Init                    
00000c19  UART2_Init                    
00000c79  EUSCIA0_IRQHandler            
00000c79  EUSCIA0_IRQHandler            
00000cd5  SD_CRC_Processing             
00000d2d  __TI_auto_init_nobinit_nopinit
00000d71  _c_int00_noargs               
00000da5  UART_printf                   
00000dfd  State_Machine_Init            
00000e21  CRC_Init                      
00000e59  CRC_Result_master             
00000e71  CRC_calculation               
00000ea1  Set_Event                     
00000eb7  Set_State                     
00000ecd  __TI_decompress_none          
00000edb  Reset_Handler                 
00000ee7  __TI_zero_init                
00000ef3  malloc                        
00000efb  _system_pre_init              
00000eff  C$$EXIT                       
00000eff  abort                         
00000f20  __TI_Handler_Table_Base       
00000f2c  __TI_Handler_Table_Limit      
00000f38  __TI_CINIT_Base               
00000f48  __TI_CINIT_Limit              
00004e20  __STACK_SIZE                  
20000000  buffer                        
200020d0  _sys_memory                   
200024b8  system_state                  
200024bc  state_machine                 
200024c0  CRC_Flag                      
200024c1  TXN_Flag                      
200024c2  Start_Flag                    
200024c4  ISR_index                     
200024c6  CRC_index                     
200024c8  CRC_result                    
200024ca  system_state_data             
200024d8  _lock                         
200024dc  _unlock                       
2000b1e0  __stack                       
20010000  __STACK_END                   
4000480c  WDTCTL_SYM                    
ffffffff  __TI_pprof_out_hndl           
ffffffff  __TI_prof_data_size           
ffffffff  __TI_prof_data_start          
ffffffff  __binit__                     
ffffffff  __c_args__                    
ffffffff  binit                         
UNDEFED   __mpu_init                    
UNDEFED   _system_post_cinit            

[123 symbols]
