******************************************************************************
                  TI ARM Linker PC v18.12.3                    
******************************************************************************
>> Linked Wed Nov 27 15:26:14 2019

OUTPUT FILE NAME:   <msp432p401x_euscib0_spi_09_MSP_EXP432P401R_nortos_ccs.out>
ENTRY POINT SYMBOL: "_c_int00_noargs"  address: 0000049d


MEMORY CONFIGURATION

         name            origin    length      used     unused   attr    fill
----------------------  --------  ---------  --------  --------  ----  --------
  MAIN                  00000000   00040000  00000534  0003facc  R  X
  INFO                  00200000   00004000  00000000  00004000  R  X
  SRAM_CODE             01000000   00010000  00000206  0000fdfa  RW X
  SRAM_DATA             20000000   00010000  00000206  0000fdfa  RW  


SEGMENT ALLOCATION MAP

run origin  load origin   length   init length attrs members
----------  ----------- ---------- ----------- ----- -------
00000000    00000000    00000534   00000534    r-x
  00000000    00000000    000000e4   000000e4    r-- .intvecs
  000000e4    000000e4    00000434   00000434    r-x .text
  00000518    00000518    0000001c   0000001c    r-- .cinit
20000000    20000000    00000006   00000000    rw-
  20000000    20000000    00000006   00000000    rw- .data
2000fe00    2000fe00    00000200   00000000    rw-
  2000fe00    2000fe00    00000200   00000000    rw- .stack


SECTION ALLOCATION MAP

 output                                  attributes/
section   page    origin      length       input sections
--------  ----  ----------  ----------   ----------------
.intvecs   0    00000000    000000e4     
                  00000000    000000e4     startup_msp432p401r_ccs.obj (.intvecs:retain)

.text      0    000000e4    00000434     
                  000000e4    000001a0     msp432p401x_euscib0_spi_09.obj (.text:main)
                  00000284    0000009c     rtsv7M4_T_le_v4SPD16_eabi.lib : memcpy_t2.asm.obj (.text)
                  00000320    00000078     system_msp432p401r.obj (.text:SystemInit)
                  00000398    00000068     rtsv7M4_T_le_v4SPD16_eabi.lib : copy_decompress_lzss.c.obj (.text:decompress:lzss:__TI_decompress_lzss)
                  00000400    00000058     msp432p401x_euscib0_spi_09.obj (.text:EUSCIB0_IRQHandler)
                  00000458    00000044     rtsv7M4_T_le_v4SPD16_eabi.lib : autoinit.c.obj (.text:__TI_auto_init_nobinit_nopinit:__TI_auto_init_nobinit_nopinit)
                  0000049c    00000034                                   : boot_cortex_m.c.obj (.text:_c_int00_noargs:_c_int00_noargs)
                  000004d0    00000024     msp432p401x_euscib0_spi_09.obj (.text:delay)
                  000004f4    0000000e     rtsv7M4_T_le_v4SPD16_eabi.lib : copy_decompress_none.c.obj (.text:decompress:none:__TI_decompress_none)
                  00000502    0000000c     startup_msp432p401r_ccs.obj (.text:Reset_Handler)
                  0000050e    00000004     rtsv7M4_T_le_v4SPD16_eabi.lib : pre_init.c.obj (.text:_system_pre_init)
                  00000512    00000004                                   : exit.c.obj (.text:abort:abort)
                  00000516    00000002     startup_msp432p401r_ccs.obj (.text:Default_Handler)

.cinit     0    00000518    0000001c     
                  00000518    00000009     (.cinit..data.load) [load image, compression = lzss]
                  00000521    00000003     --HOLE-- [fill = 0]
                  00000524    00000008     (__TI_handler_table)
                  0000052c    00000008     (__TI_cinit_table)

.init_array 
*          0    00000000    00000000     UNINITIALIZED

.binit     0    00000000    00000000     

.data      0    20000000    00000006     UNINITIALIZED
                  20000000    00000004     msp432p401x_euscib0_spi_09.obj (.data:TXData)
                  20000004    00000002     msp432p401x_euscib0_spi_09.obj (.data)

.stack     0    2000fe00    00000200     UNINITIALIZED
                  2000fe00    00000004     rtsv7M4_T_le_v4SPD16_eabi.lib : boot_cortex_m.c.obj (.stack)
                  2000fe04    000001fc     --HOLE--

MODULE SUMMARY

       Module                           code   ro data   rw data
       ------                           ----   -------   -------
    .\
       msp432p401x_euscib0_spi_09.obj   540    0         12     
       system_msp432p401r.obj           120    0         0      
    +--+--------------------------------+------+---------+---------+
       Total:                           660    0         12     
                                                                
    .\ccs\
       startup_msp432p401r_ccs.obj      14     228       0      
    +--+--------------------------------+------+---------+---------+
       Total:                           14     228       0      
                                                                
    C:\ti\ccs920\ccs\tools\compiler\ti-cgt-arm_18.12.3.LTS\lib\rtsv7M4_T_le_v4SPD16_eabi.lib
       memcpy_t2.asm.obj                156    0         0      
       copy_decompress_lzss.c.obj       104    0         0      
       autoinit.c.obj                   68     0         0      
       boot_cortex_m.c.obj              52     0         0      
       copy_decompress_none.c.obj       14     0         0      
       exit.c.obj                       4      0         0      
       pre_init.c.obj                   4      0         0      
    +--+--------------------------------+------+---------+---------+
       Total:                           402    0         0      
                                                                
       Stack:                           0      0         1024   
       Linker Generated:                0      25        0      
    +--+--------------------------------+------+---------+---------+
       Grand Total:                     1076   253       1036   


LINKER GENERATED COPY TABLES

__TI_cinit_table @ 0000052c records: 1, size/record: 8, table size: 8
	.data: load addr=00000518, load size=00000009 bytes, run addr=20000000, run size=00000006 bytes, compression=lzss


LINKER GENERATED HANDLER TABLE

__TI_handler_table @ 00000524 records: 2, size/record: 4, table size: 8
	index: 0, handler: __TI_decompress_lzss
	index: 1, handler: __TI_decompress_none


GLOBAL SYMBOLS: SORTED ALPHABETICALLY BY Name 

address   name                          
-------   ----                          
00000517  ADC14_IRQHandler              
00000517  AES256_IRQHandler             
00000517  BusFault_Handler              
00000513  C$$EXIT                       
00000517  COMP_E0_IRQHandler            
00000517  COMP_E1_IRQHandler            
00000517  CS_IRQHandler                 
00000517  DMA_ERR_IRQHandler            
00000517  DMA_INT0_IRQHandler           
00000517  DMA_INT1_IRQHandler           
00000517  DMA_INT2_IRQHandler           
00000517  DMA_INT3_IRQHandler           
00000517  DebugMon_Handler              
00000517  Default_Handler               
00000517  EUSCIA0_IRQHandler            
00000517  EUSCIA1_IRQHandler            
00000517  EUSCIA2_IRQHandler            
00000517  EUSCIA3_IRQHandler            
00000401  EUSCIB0_IRQHandler            
00000401  EUSCIB0_IRQHandler            
00000517  EUSCIB1_IRQHandler            
00000517  EUSCIB2_IRQHandler            
00000517  EUSCIB3_IRQHandler            
00000517  FLCTL_IRQHandler              
00000517  FPU_IRQHandler                
00000517  HardFault_Handler             
00000517  MemManage_Handler             
00000517  NMI_Handler                   
00000517  PCM_IRQHandler                
00000517  PORT1_IRQHandler              
00000517  PORT2_IRQHandler              
00000517  PORT3_IRQHandler              
00000517  PORT4_IRQHandler              
00000517  PORT5_IRQHandler              
00000517  PORT6_IRQHandler              
00000517  PSS_IRQHandler                
00000517  PendSV_Handler                
00000517  RTC_C_IRQHandler              
00000503  Reset_Handler                 
00000517  SVC_Handler                   
00000517  SysTick_Handler               
00000321  SystemInit                    
00000517  T32_INT1_IRQHandler           
00000517  T32_INT2_IRQHandler           
00000517  T32_INTC_IRQHandler           
00000517  TA0_0_IRQHandler              
00000517  TA0_N_IRQHandler              
00000517  TA1_0_IRQHandler              
00000517  TA1_N_IRQHandler              
00000517  TA2_0_IRQHandler              
00000517  TA2_N_IRQHandler              
00000517  TA3_0_IRQHandler              
00000517  TA3_N_IRQHandler              
00000517  UsageFault_Handler            
4000480c  WDTCTL_SYM                    
00000517  WDT_A_IRQHandler              
20010000  __STACK_END                   
00000200  __STACK_SIZE                  
0000052c  __TI_CINIT_Base               
00000534  __TI_CINIT_Limit              
00000524  __TI_Handler_Table_Base       
0000052c  __TI_Handler_Table_Limit      
00000459  __TI_auto_init_nobinit_nopinit
00000399  __TI_decompress_lzss          
000004f5  __TI_decompress_none          
ffffffff  __TI_pprof_out_hndl           
ffffffff  __TI_prof_data_size           
ffffffff  __TI_prof_data_start          
00000000  __TI_static_base__            
00000285  __aeabi_memcpy                
00000285  __aeabi_memcpy4               
00000285  __aeabi_memcpy8               
ffffffff  __binit__                     
ffffffff  __c_args__                    
UNDEFED   __mpu_init                    
2000fe00  __stack                       
0000049d  _c_int00_noargs               
UNDEFED   _system_post_cinit            
0000050f  _system_pre_init              
00000513  abort                         
ffffffff  binit                         
000004d1  delay                         
00000000  interruptVectors              
000000e5  main                          
00000285  memcpy                        


GLOBAL SYMBOLS: SORTED BY Symbol Address 

address   name                          
-------   ----                          
00000000  __TI_static_base__            
00000000  interruptVectors              
000000e5  main                          
00000200  __STACK_SIZE                  
00000285  __aeabi_memcpy                
00000285  __aeabi_memcpy4               
00000285  __aeabi_memcpy8               
00000285  memcpy                        
00000321  SystemInit                    
00000399  __TI_decompress_lzss          
00000401  EUSCIB0_IRQHandler            
00000401  EUSCIB0_IRQHandler            
00000459  __TI_auto_init_nobinit_nopinit
0000049d  _c_int00_noargs               
000004d1  delay                         
000004f5  __TI_decompress_none          
00000503  Reset_Handler                 
0000050f  _system_pre_init              
00000513  C$$EXIT                       
00000513  abort                         
00000517  ADC14_IRQHandler              
00000517  AES256_IRQHandler             
00000517  BusFault_Handler              
00000517  COMP_E0_IRQHandler            
00000517  COMP_E1_IRQHandler            
00000517  CS_IRQHandler                 
00000517  DMA_ERR_IRQHandler            
00000517  DMA_INT0_IRQHandler           
00000517  DMA_INT1_IRQHandler           
00000517  DMA_INT2_IRQHandler           
00000517  DMA_INT3_IRQHandler           
00000517  DebugMon_Handler              
00000517  Default_Handler               
00000517  EUSCIA0_IRQHandler            
00000517  EUSCIA1_IRQHandler            
00000517  EUSCIA2_IRQHandler            
00000517  EUSCIA3_IRQHandler            
00000517  EUSCIB1_IRQHandler            
00000517  EUSCIB2_IRQHandler            
00000517  EUSCIB3_IRQHandler            
00000517  FLCTL_IRQHandler              
00000517  FPU_IRQHandler                
00000517  HardFault_Handler             
00000517  MemManage_Handler             
00000517  NMI_Handler                   
00000517  PCM_IRQHandler                
00000517  PORT1_IRQHandler              
00000517  PORT2_IRQHandler              
00000517  PORT3_IRQHandler              
00000517  PORT4_IRQHandler              
00000517  PORT5_IRQHandler              
00000517  PORT6_IRQHandler              
00000517  PSS_IRQHandler                
00000517  PendSV_Handler                
00000517  RTC_C_IRQHandler              
00000517  SVC_Handler                   
00000517  SysTick_Handler               
00000517  T32_INT1_IRQHandler           
00000517  T32_INT2_IRQHandler           
00000517  T32_INTC_IRQHandler           
00000517  TA0_0_IRQHandler              
00000517  TA0_N_IRQHandler              
00000517  TA1_0_IRQHandler              
00000517  TA1_N_IRQHandler              
00000517  TA2_0_IRQHandler              
00000517  TA2_N_IRQHandler              
00000517  TA3_0_IRQHandler              
00000517  TA3_N_IRQHandler              
00000517  UsageFault_Handler            
00000517  WDT_A_IRQHandler              
00000524  __TI_Handler_Table_Base       
0000052c  __TI_CINIT_Base               
0000052c  __TI_Handler_Table_Limit      
00000534  __TI_CINIT_Limit              
2000fe00  __stack                       
20010000  __STACK_END                   
4000480c  WDTCTL_SYM                    
ffffffff  __TI_pprof_out_hndl           
ffffffff  __TI_prof_data_size           
ffffffff  __TI_prof_data_start          
ffffffff  __binit__                     
ffffffff  __c_args__                    
ffffffff  binit                         
UNDEFED   __mpu_init                    
UNDEFED   _system_post_cinit            

[85 symbols]
