******************************************************************************
                  TI ARM Linker PC v18.12.3                    
******************************************************************************
>> Linked Sun Dec  1 01:31:45 2019

OUTPUT FILE NAME:   <msp432p401x_euscib0_spi_09_MSP_EXP432P401R_nortos_ccs.out>
ENTRY POINT SYMBOL: "_c_int00_noargs"  address: 00000881


MEMORY CONFIGURATION

         name            origin    length      used     unused   attr    fill
----------------------  --------  ---------  --------  --------  ----  --------
  MAIN                  00000000   00040000  0000091c  0003f6e4  R  X
  INFO                  00200000   00004000  00000000  00004000  R  X
  SRAM_CODE             01000000   00010000  0000020d  0000fdf3  RW X
  SRAM_DATA             20000000   00010000  0000020d  0000fdf3  RW  


SEGMENT ALLOCATION MAP

run origin  load origin   length   init length attrs members
----------  ----------- ---------- ----------- ----- -------
00000000    00000000    00000920   00000920    r-x
  00000000    00000000    000000e4   000000e4    r-- .intvecs
  000000e4    000000e4    00000818   00000818    r-x .text
  00000900    00000900    00000020   00000020    r-- .cinit
20000000    20000000    0000000d   00000000    rw-
  20000000    20000000    0000000d   00000000    rw- .data
2000fe00    2000fe00    00000200   00000000    rw-
  2000fe00    2000fe00    00000200   00000000    rw- .stack


SECTION ALLOCATION MAP

 output                                  attributes/
section   page    origin      length       input sections
--------  ----  ----------  ----------   ----------------
.intvecs   0    00000000    000000e4     
                  00000000    000000e4     startup_msp432p401r_ccs.obj (.intvecs:retain)

.text      0    000000e4    00000818     
                  000000e4    000005dc     msp432p401x_euscib0_spi_09.obj (.text:main)
                  000006c0    0000009c     rtsv7M4_T_le_v4SPD16_eabi.lib : memcpy_t2.asm.obj (.text)
                  0000075c    00000078     system_msp432p401r.obj (.text:SystemInit)
                  000007d4    00000068     rtsv7M4_T_le_v4SPD16_eabi.lib : copy_decompress_lzss.c.obj (.text:decompress:lzss:__TI_decompress_lzss)
                  0000083c    00000044                                   : autoinit.c.obj (.text:__TI_auto_init_nobinit_nopinit:__TI_auto_init_nobinit_nopinit)
                  00000880    00000034                                   : boot_cortex_m.c.obj (.text:_c_int00_noargs:_c_int00_noargs)
                  000008b4    00000024     msp432p401x_euscib0_spi_09.obj (.text:delay)
                  000008d8    0000000e     rtsv7M4_T_le_v4SPD16_eabi.lib : copy_decompress_none.c.obj (.text:decompress:none:__TI_decompress_none)
                  000008e6    0000000c     startup_msp432p401r_ccs.obj (.text:Reset_Handler)
                  000008f2    00000004     rtsv7M4_T_le_v4SPD16_eabi.lib : pre_init.c.obj (.text:_system_pre_init)
                  000008f6    00000004                                   : exit.c.obj (.text:abort:abort)
                  000008fa    00000002     startup_msp432p401r_ccs.obj (.text:Default_Handler)

.cinit     0    00000900    00000020     
                  00000900    0000000e     (.cinit..data.load) [load image, compression = lzss]
                  0000090e    00000002     --HOLE-- [fill = 0]
                  00000910    00000008     (__TI_handler_table)
                  00000918    00000008     (__TI_cinit_table)

.init_array 
*          0    00000000    00000000     UNINITIALIZED

.binit     0    00000000    00000000     

.data      0    20000000    0000000d     UNINITIALIZED
                  20000000    00000006     msp432p401x_euscib0_spi_09.obj (.data:TXData)
                  20000006    00000004     msp432p401x_euscib0_spi_09.obj (.data:RXData)
                  2000000a    00000003     msp432p401x_euscib0_spi_09.obj (.data)

.stack     0    2000fe00    00000200     UNINITIALIZED
                  2000fe00    00000004     rtsv7M4_T_le_v4SPD16_eabi.lib : boot_cortex_m.c.obj (.stack)
                  2000fe04    000001fc     --HOLE--

MODULE SUMMARY

       Module                           code   ro data   rw data
       ------                           ----   -------   -------
    .\
       msp432p401x_euscib0_spi_09.obj   1536   0         26     
       system_msp432p401r.obj           120    0         0      
    +--+--------------------------------+------+---------+---------+
       Total:                           1656   0         26     
                                                                
    .\ccs\
       startup_msp432p401r_ccs.obj      14     228       0      
    +--+--------------------------------+------+---------+---------+
       Total:                           14     228       0      
                                                                
    C:\ti\ccs920\ccs\tools\compiler\ti-cgt-arm_18.12.3.LTS\lib\rtsv7M4_T_le_v4SPD16_eabi.lib
       memcpy_t2.asm.obj                156    0         0      
       copy_decompress_lzss.c.obj       104    0         0      
       autoinit.c.obj                   68     0         0      
       boot_cortex_m.c.obj              52     0         0      
       copy_decompress_none.c.obj       14     0         0      
       exit.c.obj                       4      0         0      
       pre_init.c.obj                   4      0         0      
    +--+--------------------------------+------+---------+---------+
       Total:                           402    0         0      
                                                                
       Stack:                           0      0         1024   
       Linker Generated:                0      30        0      
    +--+--------------------------------+------+---------+---------+
       Grand Total:                     2072   258       1050   


LINKER GENERATED COPY TABLES

__TI_cinit_table @ 00000918 records: 1, size/record: 8, table size: 8
	.data: load addr=00000900, load size=0000000e bytes, run addr=20000000, run size=0000000d bytes, compression=lzss


LINKER GENERATED HANDLER TABLE

__TI_handler_table @ 00000910 records: 2, size/record: 4, table size: 8
	index: 0, handler: __TI_decompress_lzss
	index: 1, handler: __TI_decompress_none


GLOBAL SYMBOLS: SORTED ALPHABETICALLY BY Name 

address   name                          
-------   ----                          
000008fb  ADC14_IRQHandler              
000008fb  AES256_IRQHandler             
000008fb  BusFault_Handler              
000008f7  C$$EXIT                       
000008fb  COMP_E0_IRQHandler            
000008fb  COMP_E1_IRQHandler            
000008fb  CS_IRQHandler                 
000008fb  DMA_ERR_IRQHandler            
000008fb  DMA_INT0_IRQHandler           
000008fb  DMA_INT1_IRQHandler           
000008fb  DMA_INT2_IRQHandler           
000008fb  DMA_INT3_IRQHandler           
000008fb  DebugMon_Handler              
000008fb  Default_Handler               
000008fb  EUSCIA0_IRQHandler            
000008fb  EUSCIA1_IRQHandler            
000008fb  EUSCIA2_IRQHandler            
000008fb  EUSCIA3_IRQHandler            
000008fb  EUSCIB0_IRQHandler            
000008fb  EUSCIB1_IRQHandler            
000008fb  EUSCIB2_IRQHandler            
000008fb  EUSCIB3_IRQHandler            
000008fb  FLCTL_IRQHandler              
000008fb  FPU_IRQHandler                
000008fb  HardFault_Handler             
000008fb  MemManage_Handler             
000008fb  NMI_Handler                   
000008fb  PCM_IRQHandler                
000008fb  PORT1_IRQHandler              
000008fb  PORT2_IRQHandler              
000008fb  PORT3_IRQHandler              
000008fb  PORT4_IRQHandler              
000008fb  PORT5_IRQHandler              
000008fb  PORT6_IRQHandler              
000008fb  PSS_IRQHandler                
2000000b  Part_Family                   
2000000c  Part_Number                   
000008fb  PendSV_Handler                
000008fb  RTC_C_IRQHandler              
000008e7  Reset_Handler                 
000008fb  SVC_Handler                   
000008fb  SysTick_Handler               
0000075d  SystemInit                    
000008fb  T32_INT1_IRQHandler           
000008fb  T32_INT2_IRQHandler           
000008fb  T32_INTC_IRQHandler           
000008fb  TA0_0_IRQHandler              
000008fb  TA0_N_IRQHandler              
000008fb  TA1_0_IRQHandler              
000008fb  TA1_N_IRQHandler              
000008fb  TA2_0_IRQHandler              
000008fb  TA2_N_IRQHandler              
000008fb  TA3_0_IRQHandler              
000008fb  TA3_N_IRQHandler              
000008fb  UsageFault_Handler            
2000000a  Vendor_Code                   
4000480c  WDTCTL_SYM                    
000008fb  WDT_A_IRQHandler              
20010000  __STACK_END                   
00000200  __STACK_SIZE                  
00000918  __TI_CINIT_Base               
00000920  __TI_CINIT_Limit              
00000910  __TI_Handler_Table_Base       
00000918  __TI_Handler_Table_Limit      
0000083d  __TI_auto_init_nobinit_nopinit
000007d5  __TI_decompress_lzss          
000008d9  __TI_decompress_none          
ffffffff  __TI_pprof_out_hndl           
ffffffff  __TI_prof_data_size           
ffffffff  __TI_prof_data_start          
00000000  __TI_static_base__            
000006c1  __aeabi_memcpy                
000006c1  __aeabi_memcpy4               
000006c1  __aeabi_memcpy8               
ffffffff  __binit__                     
ffffffff  __c_args__                    
UNDEFED   __mpu_init                    
2000fe00  __stack                       
00000881  _c_int00_noargs               
UNDEFED   _system_post_cinit            
000008f3  _system_pre_init              
000008f7  abort                         
ffffffff  binit                         
000008b5  delay                         
00000000  interruptVectors              
000000e5  main                          
000006c1  memcpy                        


GLOBAL SYMBOLS: SORTED BY Symbol Address 

address   name                          
-------   ----                          
00000000  __TI_static_base__            
00000000  interruptVectors              
000000e5  main                          
00000200  __STACK_SIZE                  
000006c1  __aeabi_memcpy                
000006c1  __aeabi_memcpy4               
000006c1  __aeabi_memcpy8               
000006c1  memcpy                        
0000075d  SystemInit                    
000007d5  __TI_decompress_lzss          
0000083d  __TI_auto_init_nobinit_nopinit
00000881  _c_int00_noargs               
000008b5  delay                         
000008d9  __TI_decompress_none          
000008e7  Reset_Handler                 
000008f3  _system_pre_init              
000008f7  C$$EXIT                       
000008f7  abort                         
000008fb  ADC14_IRQHandler              
000008fb  AES256_IRQHandler             
000008fb  BusFault_Handler              
000008fb  COMP_E0_IRQHandler            
000008fb  COMP_E1_IRQHandler            
000008fb  CS_IRQHandler                 
000008fb  DMA_ERR_IRQHandler            
000008fb  DMA_INT0_IRQHandler           
000008fb  DMA_INT1_IRQHandler           
000008fb  DMA_INT2_IRQHandler           
000008fb  DMA_INT3_IRQHandler           
000008fb  DebugMon_Handler              
000008fb  Default_Handler               
000008fb  EUSCIA0_IRQHandler            
000008fb  EUSCIA1_IRQHandler            
000008fb  EUSCIA2_IRQHandler            
000008fb  EUSCIA3_IRQHandler            
000008fb  EUSCIB0_IRQHandler            
000008fb  EUSCIB1_IRQHandler            
000008fb  EUSCIB2_IRQHandler            
000008fb  EUSCIB3_IRQHandler            
000008fb  FLCTL_IRQHandler              
000008fb  FPU_IRQHandler                
000008fb  HardFault_Handler             
000008fb  MemManage_Handler             
000008fb  NMI_Handler                   
000008fb  PCM_IRQHandler                
000008fb  PORT1_IRQHandler              
000008fb  PORT2_IRQHandler              
000008fb  PORT3_IRQHandler              
000008fb  PORT4_IRQHandler              
000008fb  PORT5_IRQHandler              
000008fb  PORT6_IRQHandler              
000008fb  PSS_IRQHandler                
000008fb  PendSV_Handler                
000008fb  RTC_C_IRQHandler              
000008fb  SVC_Handler                   
000008fb  SysTick_Handler               
000008fb  T32_INT1_IRQHandler           
000008fb  T32_INT2_IRQHandler           
000008fb  T32_INTC_IRQHandler           
000008fb  TA0_0_IRQHandler              
000008fb  TA0_N_IRQHandler              
000008fb  TA1_0_IRQHandler              
000008fb  TA1_N_IRQHandler              
000008fb  TA2_0_IRQHandler              
000008fb  TA2_N_IRQHandler              
000008fb  TA3_0_IRQHandler              
000008fb  TA3_N_IRQHandler              
000008fb  UsageFault_Handler            
000008fb  WDT_A_IRQHandler              
00000910  __TI_Handler_Table_Base       
00000918  __TI_CINIT_Base               
00000918  __TI_Handler_Table_Limit      
00000920  __TI_CINIT_Limit              
2000000a  Vendor_Code                   
2000000b  Part_Family                   
2000000c  Part_Number                   
2000fe00  __stack                       
20010000  __STACK_END                   
4000480c  WDTCTL_SYM                    
ffffffff  __TI_pprof_out_hndl           
ffffffff  __TI_prof_data_size           
ffffffff  __TI_prof_data_start          
ffffffff  __binit__                     
ffffffff  __c_args__                    
ffffffff  binit                         
UNDEFED   __mpu_init                    
UNDEFED   _system_post_cinit            

[87 symbols]
